Using model potential 'double_well'
Parameters:
    double_well_barrier:  0.008
    double_well_width:  3.0
    double_well_asymmetry:  0.0

RPMD simulation using
Np = 50   non-interacting particles in
Ndim = 1  dimensions using
Nb = 8  beads per particle

Model Summary:
ndim : 1
solver : scipy
integrator : RPMD_VelocityVerlet
basis : rpmd_basis
states : 20
mass : 1.0
mode : rpmd

contains data entries for: ndim
contains data entries for: parameters
contains data entries for: cell
contains data entries for: solved
contains data entries for: mass
contains data entries for: rpmd

[90mInitializing Integrator[0m
[90mIntegrating...[0m
[90mINTEGRATED[0m
